../Core/Src/main.c:20:5:main	16	static
../Core/Src/main.c:42:6:MainMenuTask	24	static
../Core/Src/main.c:67:6:RoundTask	48	static
../Core/Src/main.c:88:6:GameTask	24	static
../Core/Src/main.c:198:6:EndTask	16	static
../Core/Src/main.c:211:6:SystemClock_Config	88	static
../Core/Src/main.c:245:6:GPIO_Config	56	static
../Core/Src/main.c:276:6:LCD_Init	8	static
../Core/Src/main.c:294:6:LCD_Send	16	static
../Core/Src/main.c:307:6:LCD_Print	24	static
../Core/Src/main.c:323:12:getSeed	64	static
../Core/Src/main.c:349:6:delay	24	static
